Aged Brie[0] = Aged Brie, -1, 2
Aged Brie[1] = Aged Brie, 4, 1
Aged Brie[2] = Aged Brie, 9, 1
Aged Brie[3] = Aged Brie, -1, 7
Aged Brie[4] = Aged Brie, 4, 6
Aged Brie[5] = Aged Brie, 9, 6
