foo[0] = Sulfuras, -1, 0
foo[1] = Sulfuras, 4, 0
foo[2] = Sulfuras, 9, 0
foo[3] = Sulfuras, -1, 3
foo[4] = Sulfuras, 4, 4
foo[5] = Sulfuras, 9, 4
