foo[0] = Backstage passes to a TAFKAL80ETC concert, -1, 0
foo[1] = Backstage passes to a TAFKAL80ETC concert, 4, 3
foo[2] = Backstage passes to a TAFKAL80ETC concert, 9, 2
foo[3] = Backstage passes to a TAFKAL80ETC concert, -1, 0
foo[4] = Backstage passes to a TAFKAL80ETC concert, 4, 8
foo[5] = Backstage passes to a TAFKAL80ETC concert, 9, 7
