foo[0] = Sulfuras, Hand of Ragnaros, 0, 0
foo[1] = Sulfuras, Hand of Ragnaros, 5, 0
foo[2] = Sulfuras, Hand of Ragnaros, 10, 0
foo[3] = Sulfuras, Hand of Ragnaros, 0, 5
foo[4] = Sulfuras, Hand of Ragnaros, 5, 5
foo[5] = Sulfuras, Hand of Ragnaros, 10, 5
