foo[0] = foo, -1, 0
foo[1] = foo, 4, 0
foo[2] = foo, 9, 0
foo[3] = foo, -1, 3
foo[4] = foo, 4, 4
foo[5] = foo, 9, 4
